src/app/(driver)/driver/deliveries/_components/status-config.ts(20,14): error TS2741: Property 'arrived' is missing in type '{ to_accept: { label: string; bg: string; text: string; dot: string; borderL: string; gradient: string; iconBg: string; }; pickup: { label: string; bg: string; text: string; dot: string; borderL: string; gradient: string; iconBg: string; }; en_route: { ...; }; delivered: { ...; }; failed: { ...; }; }' but required in type 'Record<"pickup" | "en_route" | "to_accept" | "arrived" | "delivered" | "failed", StatusStyle>'.
src/app/(driver)/driver/deliveries/_components/use-delivery-actions.ts(53,36): error TS2345: Argument of type 'string' is not assignable to parameter of type '{ deliveryId: string; code: string; }'.
